// Jest Snapshot v1, https://goo.gl/fbAQLP

exports[`<LogoLink /> to match snapshot 1`] = `
<h1
  class="sc-gswNZR hhorMY"
>
  <a
    class="sc-bcXHqe cdkKrx"
    href="#target"
  >
    <img
      alt="Hello World"
      src="image.jpg"
    />
  </a>
</h1>
`;
