// Jest Snapshot v1, https://goo.gl/fbAQLP

exports[`<SectionBackground /> should render with dark background 1`] = `
<div>
  <section
    class="sc-gswNZR kORrya"
    id=""
  >
    <section
      class="sc-bcXHqe Oxqmm"
    >
      <h1>
        Children
      </h1>
    </section>
  </section>
</div>
`;

exports[`<SectionBackground /> should render with light background 1`] = `
<div>
  <section
    class="sc-gswNZR kORrya"
    id=""
  >
    <section
      class="sc-bcXHqe Oxqmm"
    >
      <h1>
        Children
      </h1>
    </section>
  </section>
</div>
`;
