// Jest Snapshot v1, https://goo.gl/fbAQLP

exports[`<Heading /> should match snapshot 1`] = `undefined`;
